// Vitest Snapshot v1, https://vitest.dev/guide/snapshot.html

exports[`App > Snapshot 1`] = `[Function]`;
