// Vitest Snapshot v1, https://vitest.dev/guide/snapshot.html

exports[`Home > checks snapshot 1`] = `[Function]`;
