// Vitest Snapshot v1, https://vitest.dev/guide/snapshot.html

exports[`Profile route works > checks snapshot 1`] = `[Function]`;
