// Vitest Snapshot v1, https://vitest.dev/guide/snapshot.html

exports[`RecipeOverlay Route test > checks snapshot 1`] = `[Function]`;
